Discovering endpoints from C:\Users\jez.slade\Desktop\Projects\MPSM-Dashboard\Swagger.json...
Discovered 544 endpoints:
  - 142 lookup/list endpoints (domain seeds)
  - 209 read operations
  - 335 write operations

Endpoint matrix saved to C:\Users\jez.slade\Desktop\Projects\MPSM-Dashboard\output\endpoints.json
Summary by tag saved to C:\Users\jez.slade\Desktop\Projects\MPSM-Dashboard\output\endpoints_by_tag.json

Top tags:
  - Explorer: 73 endpoints
  - Dealer: 34 endpoints
  - Device: 34 endpoints
  - SdsDeviceApi: 34 endpoints
  - AlertLimit2Api: 23 endpoints
  - Account: 22 endpoints
  - Customer: 19 endpoints
  - SdsCustomerApi: 16 endpoints
  - Office: 15 endpoints
  - Counter: 14 endpoints

Probing 544 endpoints...
============================================================

[1/544] GET /AlertLimit/Customer/Get
  [OK] SUCCESS (status 200, 1872ms)

[2/544] GET /AlertLimit/Customer/Product/List
  [OK] SUCCESS (status 200, 560ms)

[3/544] GET /AlertLimit/Dealer/Get
  [OK] SUCCESS (status 200, 554ms)

[4/544] GET /AlertLimit2/Customer/GetDefault
  [OK] SUCCESS (status 200, 511ms)

[5/544] GET /AlertLimit2/Customer/GetProduct
  [OK] SUCCESS (status 200, 585ms)

[6/544] GET /AlertLimit2/Customer/GetProductList
  [OK] SUCCESS (status 200, 562ms)

[7/544] GET /AlertLimit2/Dealer/GetDefault
  [OK] SUCCESS (status 200, 378ms)

[8/544] GET /AlertLimit2/Dealer/GetProduct
  [OK] SUCCESS (status 200, 404ms)

[9/544] GET /AlertLimit2/Dealer/GetProductList
  [OK] SUCCESS (status 200, 520ms)

[10/544] GET /AlertLimit2/GetAllLimits
  [OK] SUCCESS (status 200, 569ms)

[11/544] GET /ApiClient/Account/List
  [OK] SUCCESS (status 200, 476ms)

[12/544] GET /ApiClient/List
  [OK] SUCCESS (status 200, 573ms)

[13/544] GET /Counter/Device/List
  [OK] SUCCESS (status 200, 566ms)

[14/544] GET /Counter/ListMaintenanceKitCounters
  [OK] SUCCESS (status 200, 536ms)

[15/544] GET /CustomField/List
  [OK] SUCCESS (status 200, 550ms)

[16/544] GET /Customer/Accessories/Get
  [OK] SUCCESS (status 200, 491ms)

[17/544] GET /Customer/AdvancedOptions/Get
  [OK] SUCCESS (status 200, 520ms)

[18/544] GET /Customer/AlertSettings/Get
  [OK] SUCCESS (status 200, 570ms)

[19/544] GET /Customer/CustomerServicesStatus/Get
  [OK] SUCCESS (status 200, 512ms)

[20/544] GET /Customer/EpsonSettings/Get
  [OK] SUCCESS (status 200, 516ms)

[21/544] GET /Customer/EpsonUSBCustomerId/Get
  [OK] SUCCESS (status 200, 507ms)

[22/544] GET /Customer/eXplorerSettings/Get
  [OK] SUCCESS (status 200, 511ms)

[23/544] GET /CustomerDashboard
  [OK] SUCCESS (status 200, 535ms)

[24/544] GET /CustomerDashboard/Pages
  [OK] SUCCESS (status 200, 530ms)

[25/544] GET /CustomerNotification/Get
  [OK] SUCCESS (status 200, 562ms)

[26/544] GET /CustomerNotification/GetNotificationPlaceholders
  [OK] SUCCESS (status 200, 563ms)

[27/544] GET /CustomerNotification/GetSampleNotification
  [OK] SUCCESS (status 200, 499ms)

[28/544] GET /CustomerNotification/List
  [OK] SUCCESS (status 200, 555ms)

[29/544] GET /Dealer/AccountingSettings/Get
  [OK] SUCCESS (status 200, 528ms)

[30/544] GET /Dealer/AdvancedOptions/Get
  [OK] SUCCESS (status 200, 555ms)

[31/544] GET /Dealer/AlertLimitOptions/Get
  [OK] SUCCESS (status 200, 533ms)

[32/544] GET /Dealer/AlertSettings/Get
  [OK] SUCCESS (status 200, 506ms)

[33/544] GET /Dealer/CounterBlend/Get
  [OK] SUCCESS (status 200, 539ms)

[34/544] GET /Dealer/CounterBlend/List
  [OK] SUCCESS (status 200, 486ms)

[35/544] GET /Dealer/CounterBlend/Search
  [OK] SUCCESS (status 200, 513ms)

[36/544] GET /Dealer/CounterBlendToStandard/Get
  [OK] SUCCESS (status 200, 540ms)

[37/544] GET /Dealer/CounterBlendToStandard/GetByDevice
  [OK] SUCCESS (status 200, 549ms)

[38/544] GET /Dealer/CounterBlendToStandard/List
  [OK] SUCCESS (status 200, 551ms)

[39/544] GET /Dealer/Customizations/Get
  [OK] SUCCESS (status 200, 517ms)

[40/544] GET /Dealer/DealerServicesStatus/Get
  [OK] SUCCESS (status 200, 545ms)

[41/544] GET /Dealer/DemoRequest/Get
  [X] FAILED (status error, 12 attempts)

[42/544] GET /Dealer/DemoRequest/List
  [X] FAILED (status error, 12 attempts)

[43/544] GET /Dealer/DistributorSettings/Get
  [OK] SUCCESS (status 200, 510ms)

[44/544] GET /Dealer/ExportDealerTagsHierarchy
  [OK] SUCCESS (status 200, 538ms)

[45/544] GET /Dealer/GetDealerHierarchy
  [OK] SUCCESS (status 200, 550ms)

[46/544] GET /Dealer/GetDealerTagsHierarchy
  [OK] SUCCESS (status 200, 525ms)

[47/544] GET /Dealer/Onboarding/Get
  [OK] SUCCESS (status 200, 537ms)

[48/544] GET /Dealer/RemoteOfflineCountersSettings/Get
  [OK] SUCCESS (status 200, 508ms)

[49/544] GET /Dealer/eXplorerSettings/Get
  [OK] SUCCESS (status 200, 498ms)

[50/544] GET /DealerNotification/Get
  [OK] SUCCESS (status 200, 526ms)

[51/544] GET /DealerNotification/GetNotificationPlaceholders
  [OK] SUCCESS (status 200, 520ms)

[52/544] GET /DealerNotification/GetSampleNotification
  [OK] SUCCESS (status 200, 490ms)

[53/544] GET /DealerNotification/List
  [OK] SUCCESS (status 200, 549ms)

[54/544] GET /DealerNotification/Template/Get
  [OK] SUCCESS (status 200, 528ms)

[55/544] GET /DealerProduct/Get
  [OK] SUCCESS (status 200, 510ms)

[56/544] GET /DealerProduct/List
  [OK] SUCCESS (status 200, 543ms)

[57/544] GET /DealerSupply/Count
  [OK] SUCCESS (status 200, 489ms)

[58/544] GET /DealerSupply/Export
  [OK] SUCCESS (status 200, 531ms)

[59/544] GET /DealerSupply/Get
  [OK] SUCCESS (status 200, 418ms)

[60/544] GET /DealerSupply/List
  [OK] SUCCESS (status 200, 618ms)

[61/544] GET /DealerSupplyPriceListing/Get
  [OK] SUCCESS (status 200, 551ms)

[62/544] GET /DealerSupplyPriceListing/List
  [OK] SUCCESS (status 200, 517ms)

[63/544] GET /DealerSupplySet/AssociateByDealerSupplySetAndRelativeProducts
  [OK] SUCCESS (status 200, 483ms)

[64/544] GET /DealerSupplySet/Count
  [OK] SUCCESS (status 200, 484ms)

[65/544] GET /DealerSupplySet/CountDealerSupplySetAndDevicesPotentialAssociations
  [OK] SUCCESS (status 200, 544ms)

[66/544] GET /DealerSupplySet/Export
  [OK] SUCCESS (status 200, 522ms)

[67/544] GET /DealerSupplySet/ExportExcel
  [OK] SUCCESS (status 200, 513ms)

[68/544] GET /DealerSupplySet/Get
  [OK] SUCCESS (status 200, 546ms)

[69/544] GET /DealerSupplySet/List
  [OK] SUCCESS (status 200, 480ms)

[70/544] GET /DealerSupplySet/ListDealerSupplySetFromStandardModels
  [OK] SUCCESS (status 200, 539ms)

[71/544] GET /Device/Deleted/List
  [OK] SUCCESS (status 200, 514ms)

[72/544] GET /Device/Deleted/ListByDealer
  [OK] SUCCESS (status 200, 540ms)

[73/544] GET /Device/ExplorerDataAffinities/List
  [OK] SUCCESS (status 200, 542ms)

[74/544] GET /Device/MaintenanceAlerts/List
  [OK] SUCCESS (status 200, 557ms)

[75/544] GET /Explorer/Cluster/List
  [OK] SUCCESS (status 200, 546ms)

[76/544] GET /Explorer/Configuration/List
  [OK] SUCCESS (status 200, 528ms)

[77/544] GET /Explorer/ExplorerDataCommand/List
  [OK] SUCCESS (status 200, 541ms)

[78/544] GET /Explorer/ExplorerDataInfo/List
  [OK] SUCCESS (status 200, 496ms)

[79/544] GET /Explorer/License/List
  [OK] SUCCESS (status 200, 524ms)

[80/544] GET /Explorer/Staging/List
  [OK] SUCCESS (status 200, 538ms)

[81/544] GET /Integrations/GetJoinedCustomers
  [OK] SUCCESS (status 200, 535ms)

[82/544] GET /Integrations/List
  [OK] SUCCESS (status 200, 528ms)

[83/544] GET /Office/OfficeFloor/List
  [OK] SUCCESS (status 200, 504ms)

[84/544] GET /Product/Customer/List
  [OK] SUCCESS (status 200, 548ms)

[85/544] GET /Product/Dealer/List
  [OK] SUCCESS (status 200, 487ms)

[86/544] GET /Product/Dealer/ListBrands
  [OK] SUCCESS (status 200, 533ms)

[87/544] GET /Product/Dealer/ListModels
  [OK] SUCCESS (status 200, 532ms)

[88/544] GET /Role/GetAllCapabilities
  [OK] SUCCESS (status 200, 559ms)

[89/544] GET /Role/List
  [OK] SUCCESS (status 200, 545ms)

[90/544] GET /SdsCustomer/GetAssessTemplate
  [OK] SUCCESS (status 200, 554ms)

[91/544] GET /SdsCustomer/GetAssessTemplates
  [OK] SUCCESS (status 200, 505ms)

[92/544] GET /SdsCustomer/GetCredential
  [OK] SUCCESS (status 200, 407ms)

[93/544] GET /SdsCustomer/GetCustomerOperation
  [OK] SUCCESS (status 200, 553ms)

[94/544] GET /SdsCustomer/GetCustomerOperations
  [OK] SUCCESS (status 200, 435ms)

[95/544] GET /SdsCustomer/GetNewAssessTemplate
  [OK] SUCCESS (status 200, 536ms)

[96/544] GET /StandardProduct/ListDevicesInOperation
  [OK] SUCCESS (status 200, 553ms)

[97/544] GET /StandardProduct/ListOperations
  [OK] SUCCESS (status 200, 514ms)

[98/544] GET /StandardProduct/ListStandardProducts
  [OK] SUCCESS (status 200, 516ms)

[99/544] GET /TraceVolume/List
  [OK] SUCCESS (status 200, 530ms)

[100/544] GET /TradingPartner/List
  [OK] SUCCESS (status 200, 544ms)

[101/544] GET /azuread/GetCustomerAzureSettings
  [OK] SUCCESS (status 200, 496ms)

[102/544] GET /azuread/GetDealerAzureSettings
  [OK] SUCCESS (status 200, 500ms)

[103/544] GET /okta/GetCustomerOktaSettings
  [OK] SUCCESS (status 200, 484ms)

[104/544] GET /okta/GetDealerOktaSettings
  [OK] SUCCESS (status 200, 509ms)

[105/544] GET /Account/GetProfile
  [OK] SUCCESS (status 200, 519ms)

[106/544] GET /Account/GetPsk2faData
  [OK] SUCCESS (status 200, 581ms)

[107/544] GET /Account/GetPsk2faDataForAccount
  [OK] SUCCESS (status 200, 532ms)

[108/544] GET /Account/GetPsk2faDataForProfile
  [OK] SUCCESS (status 200, 603ms)

[109/544] GET /AlertLimit/Device/Get
  [OK] SUCCESS (status 200, 509ms)

[110/544] GET /AlertLimit2/Device/GetDefault
  [OK] SUCCESS (status 200, 508ms)

[111/544] GET /Analytics/GetReportFileResult
  [OK] SUCCESS (status 200, 474ms)

[112/544] GET /Analytics/GetReportResult
  [OK] SUCCESS (status 200, 565ms)

[113/544] GET /ApiClient/Account/Get
  [OK] SUCCESS (status 200, 511ms)

[114/544] GET /ApiClient/Get
  [OK] SUCCESS (status 200, 540ms)

[115/544] GET /Billing/GetInvoiceCategories
  [OK] SUCCESS (status 200, 568ms)

[116/544] GET /Communication/GetPortalReleaseNotes
  [OK] SUCCESS (status 200, 607ms)

[117/544] GET /Counter/Catalog/Suggestions
  [X] FAILED (status error, 12 attempts)

[118/544] GET /Counter/Device/Export
  [OK] SUCCESS (status 200, 541ms)

[119/544] GET /CustomField/Get
  [OK] SUCCESS (status 200, 556ms)

[120/544] GET /Device/GetDeviceAdditionalInfos
  [OK] SUCCESS (status 200, 625ms)

[121/544] GET /Device/GetDeviceGapInfos
  [OK] SUCCESS (status 200, 575ms)

[122/544] GET /Device/GetLfpCounters
  [OK] SUCCESS (status 200, 574ms)

[123/544] GET /Device/GetSuppliesDetails
  [OK] SUCCESS (status 200, 531ms)

[124/544] GET /Device/GetSuppliesDetailsInfo
  [OK] SUCCESS (status 200, 545ms)

[125/544] GET /Device/GetSuppliesDetailsSummary
  [OK] SUCCESS (status 200, 479ms)

[126/544] GET /Device/GetZebraSuppliesDetailsSummary
  [OK] SUCCESS (status 200, 497ms)

[127/544] GET /Explorer/AgentVersions
  [X] FAILED (status error, 12 attempts)

[128/544] GET /Explorer/Cluster/AutoClusters
  [OK] SUCCESS (status 200, 501ms)

[129/544] GET /Explorer/Cluster/Get
  [OK] SUCCESS (status 200, 497ms)

[130/544] GET /Explorer/Configuration/Get
  [OK] SUCCESS (status 200, 634ms)

[131/544] GET /Explorer/Configuration/GetTestTableVersions
  [OK] SUCCESS (status 200, 550ms)

[132/544] GET /Explorer/DataLogs
  [X] FAILED (status error, 12 attempts)

[133/544] GET /Explorer/DataPings
  [OK] SUCCESS (status 200, 1437ms)

[134/544] GET /Explorer/Dca4ClientVersions
  [X] FAILED (status error, 12 attempts)

[135/544] GET /Explorer/Dca4MonitorVersions
  [X] FAILED (status error, 12 attempts)

[136/544] GET /Explorer/DownloadLogs
  [OK] SUCCESS (status 200, 504ms)

[137/544] GET /Explorer/GetClusterCounters
  [OK] SUCCESS (status 200, 504ms)

[138/544] GET /Explorer/GetConnectorEndpoints
  [OK] SUCCESS (status 200, 533ms)

[139/544] GET /Explorer/GetConnectors
  [OK] SUCCESS (status 200, 537ms)

[140/544] GET /Explorer/GetDca4Otp
  [OK] SUCCESS (status 200, 536ms)

[141/544] GET /Explorer/GetDcaCurrentVersion
  [OK] SUCCESS (status 200, 562ms)

[142/544] GET /Explorer/GetDcaReleaseNotes
  [OK] SUCCESS (status 200, 590ms)

[143/544] GET /Explorer/GetEndpointsLink
  [OK] SUCCESS (status 200, 385ms)

[144/544] GET /Explorer/GetExplorerDatas
  [OK] SUCCESS (status 200, 499ms)

[145/544] GET /Explorer/GetExplorerSetupLink
  [OK] SUCCESS (status 200, 527ms)

[146/544] GET /Explorer/GetJamcSetupLink
  [OK] SUCCESS (status 200, 568ms)

[147/544] GET /Explorer/RequestSendLogs
  [OK] SUCCESS (status 200, 539ms)

[148/544] GET /Explorer/ServiceVersions
  [X] FAILED (status error, 12 attempts)

[149/544] GET /Explorer/V3/ReleaseNotes
  [OK] SUCCESS (status 200, 1023ms)

[150/544] GET /Integrations/Get
  [OK] SUCCESS (status 200, 507ms)

[151/544] GET /Integrations/GetJoinedDevices
  [OK] SUCCESS (status 200, 540ms)

[152/544] GET /Integrations/GetLogisticPlaceholders
  [OK] SUCCESS (status 200, 504ms)

[153/544] GET /Integrations/GetNew
  [OK] SUCCESS (status 200, 511ms)

[154/544] GET /Integrations/eautomate/GetEAutomateLog
  [OK] SUCCESS (status 200, 552ms)

[155/544] GET /Integrations/eautomate/runjoin
  [OK] SUCCESS (status 200, 734ms)

[156/544] GET /Office/OfficeFloor/GetPin
  [OK] SUCCESS (status 200, 417ms)

[157/544] GET /Orders/GetOrderAdditionalInfo
  [X] FAILED (status error, 12 attempts)

[158/544] GET /Orders/GetOrderLineStatuses
  [OK] SUCCESS (status 200, 1354ms)

[159/544] GET /Orders/GetOrderLines
  [X] FAILED (status error, 12 attempts)

[160/544] GET /Orders/GetOrderProofOfDelivery
  [X] FAILED (status error, 12 attempts)

[161/544] GET /Orders/GetOrders
  [X] FAILED (status error, 12 attempts)

[162/544] GET /Product/GetBrands
  [OK] SUCCESS (status 200, 542ms)

[163/544] GET /Product/GetModels
  [OK] SUCCESS (status 200, 535ms)

[164/544] GET /Product/GetSnmpDiscoveryBrands
  [OK] SUCCESS (status 200, 504ms)

[165/544] GET /Project/GetContractFile
  [OK] SUCCESS (status 200, 534ms)

[166/544] GET /Project/GetDetail
  [OK] SUCCESS (status 200, 502ms)

[167/544] GET /Role/Get
  [OK] SUCCESS (status 200, 540ms)

[168/544] GET /Saga/Get
  [X] FAILED (status error, 12 attempts)

[169/544] GET /Saga/GetSagaOperationLogMessage
  [X] FAILED (status error, 12 attempts)

[170/544] GET /SdsAction/GetDeviceAction
  [OK] SUCCESS (status 200, 545ms)

[171/544] GET /SdsAction/GetDeviceActions
  [OK] SUCCESS (status 200, 515ms)

[172/544] GET /SdsAction/GetDeviceActionsDashboard
  [OK] SUCCESS (status 200, 520ms)

[173/544] GET /SdsConnector/DownloadLog
  [X] FAILED (status server_error, 12 attempts)

[174/544] GET /SdsConnector/GetConnector
  [OK] SUCCESS (status 200, 696ms)

[175/544] GET /SdsConnector/GetConnectors
  [OK] SUCCESS (status 200, 580ms)

[176/544] GET /SdsConnector/GetJamcConnectors
  [OK] SUCCESS (status 200, 590ms)

[177/544] GET /SdsConnector/GetLogs
  [OK] SUCCESS (status 200, 540ms)

[178/544] GET /SdsConnector/GetWppConnectors
  [OK] SUCCESS (status 200, 555ms)

[179/544] GET /SdsDevice/GetAssessTemplate
  [OK] SUCCESS (status 200, 540ms)

[180/544] GET /SdsDevice/GetConfigItems
  [OK] SUCCESS (status 200, 502ms)

[181/544] GET /SdsDevice/GetCounters
  [OK] SUCCESS (status 200, 550ms)

[182/544] GET /SdsDevice/GetDeviceOperation
  [OK] SUCCESS (status 200, 543ms)

[183/544] GET /SdsDevice/GetDeviceRemoteEws
  [OK] SUCCESS (status 200, 482ms)

[184/544] GET /SdsDevice/GetDevicesOperations
  [OK] SUCCESS (status 200, 552ms)

[185/544] GET /SdsDevice/GetOnDeviceServices
  [OK] SUCCESS (status 200, 563ms)

[186/544] GET /SdsDevice/GetSupplyDetails
  [OK] SUCCESS (status 200, 546ms)

[187/544] GET /SdsDevice/GetZendeskTicketInfo
  [OK] SUCCESS (status 200, 527ms)

[188/544] GET /SdsEvent/GetDeviceEvent
  [OK] SUCCESS (status 200, 562ms)

[189/544] GET /SdsEvent/GetDeviceEvents
  [OK] SUCCESS (status 200, 629ms)

[190/544] GET /SdsScan/ScanDevice
  [OK] SUCCESS (status 200, 554ms)

[191/544] GET /SdsScan/ScanImmediate
  [OK] SUCCESS (status 200, 487ms)

[192/544] GET /StandardProduct/GetExcelReport
  [OK] SUCCESS (status 200, 574ms)

[193/544] GET /StandardProduct/GetOperation
  [OK] SUCCESS (status 200, 543ms)

[194/544] GET /StandardProduct/GetProductsToAssociate
  [OK] SUCCESS (status 200, 562ms)

[195/544] GET /StandardProduct/GetStandardProductsSummary
  [OK] SUCCESS (status 200, 487ms)

[196/544] GET /SupplyAlert/GetAvailableMaintenanceKitColors
  [OK] SUCCESS (status 200, 542ms)

[197/544] GET /SupplyAlert/GetAvailableMaintenanceKitTypes
  [OK] SUCCESS (status 200, 607ms)

[198/544] GET /SupplyAlert/GetAvailableSuppliesForADevice
  [OK] SUCCESS (status 200, 586ms)

[199/544] GET /Ticket/GetAttachment
  [X] FAILED (status error, 12 attempts)

[200/544] GET /Ticket/GetTicket
  [X] FAILED (status error, 12 attempts)

[201/544] GET /Ticket/GetTicketByNumber
  [X] FAILED (status error, 12 attempts)

[202/544] GET /Ticket/GetTickets
  [X] FAILED (status error, 12 attempts)

[203/544] GET /TraceVolume/Get
  [OK] SUCCESS (status 200, 560ms)

[204/544] GET /TradingPartner/Get
  [OK] SUCCESS (status 200, 509ms)

[205/544] GET /WhiteLabel/Get
  [OK] SUCCESS (status 200, 609ms)

[206/544] GET /WhiteLabel/GetWhiteLabelCustomizationByUrl
  [OK] SUCCESS (status 200, 522ms)

[207/544] GET /WhiteLabel/GetWhitelabelPlaceholders
  [OK] SUCCESS (status 200, 505ms)

[208/544] GET /azuread/GetChallengeUrlRedirect
  [X] FAILED (status server_error, 12 attempts)

[209/544] GET /okta/GetDomainRedirect
  [X] FAILED (status server_error, 12 attempts)

[210/544] POST /Account/ChangeLanguage
  [-] SKIPPED (write_prohibited)

[211/544] POST /Account/ChangePassword
  [-] SKIPPED (write_prohibited)

[212/544] POST /Account/Create
  [-] SKIPPED (write_prohibited)

[213/544] DELETE /Account/Delete
  [-] SKIPPED (write_prohibited)

[214/544] DELETE /Account/Delete2fa
  [-] SKIPPED (write_prohibited)

[215/544] DELETE /Account/DeleteProfile2fa
  [-] SKIPPED (write_prohibited)

[216/544] POST /Account/Enable2faForAccount
  [-] SKIPPED (write_prohibited)

[217/544] POST /Account/Enable2faForProfile
  [-] SKIPPED (write_prohibited)

[218/544] POST /Account/GetAccount
  [-] SKIPPED (write_prohibited)

[219/544] POST /Account/GetAccounts
  [-] SKIPPED (write_prohibited)

[220/544] POST /Account/Logout
  [-] SKIPPED (write_prohibited)

[221/544] POST /Account/RefreshAuthCookie
  [-] SKIPPED (write_prohibited)

[222/544] POST /Account/ResetPassword
  [-] SKIPPED (write_prohibited)

[223/544] POST /Account/ResetPasswordVerifyToken
  [-] SKIPPED (write_prohibited)

[224/544] POST /Account/SendOtpEmailForAccount
  [-] SKIPPED (write_prohibited)

[225/544] POST /Account/SetPreferredDealer
  [-] SKIPPED (write_prohibited)

[226/544] POST /Account/Update
  [-] SKIPPED (write_prohibited)

[227/544] POST /Account/UpdateProfile
  [-] SKIPPED (write_prohibited)

[228/544] DELETE /AlertLimit/Customer/Delete
  [-] SKIPPED (write_prohibited)

[229/544] POST /AlertLimit/Customer/Product/Delete
  [-] SKIPPED (write_prohibited)

[230/544] PUT /AlertLimit/Customer/Product/Update
  [-] SKIPPED (write_prohibited)

[231/544] PUT /AlertLimit/Customer/Update
  [-] SKIPPED (write_prohibited)

[232/544] PUT /AlertLimit/Dealer/Update
  [-] SKIPPED (write_prohibited)

[233/544] DELETE /AlertLimit/Device/Delete
  [-] SKIPPED (write_prohibited)

[234/544] PUT /AlertLimit/Device/Update
  [-] SKIPPED (write_prohibited)

[235/544] POST /AlertLimit2/Customer/CreateDefault
  [-] SKIPPED (write_prohibited)

[236/544] POST /AlertLimit2/Customer/CreateProduct
  [-] SKIPPED (write_prohibited)

[237/544] DELETE /AlertLimit2/Customer/DeleteDefaultForConsumable
  [-] SKIPPED (write_prohibited)

[238/544] DELETE /AlertLimit2/Customer/DeleteProduct
  [-] SKIPPED (write_prohibited)

[239/544] PUT /AlertLimit2/Customer/UpdateDefault
  [-] SKIPPED (write_prohibited)

[240/544] PUT /AlertLimit2/Customer/UpdateProduct
  [-] SKIPPED (write_prohibited)

[241/544] POST /AlertLimit2/Dealer/CreateDefault
  [-] SKIPPED (write_prohibited)

[242/544] POST /AlertLimit2/Dealer/CreateProduct
  [-] SKIPPED (write_prohibited)

[243/544] DELETE /AlertLimit2/Dealer/DeleteProduct
  [-] SKIPPED (write_prohibited)

[244/544] PUT /AlertLimit2/Dealer/UpdateDefault
  [-] SKIPPED (write_prohibited)

[245/544] PUT /AlertLimit2/Dealer/UpdateProduct
  [-] SKIPPED (write_prohibited)

[246/544] POST /AlertLimit2/Device/CreateDefault
  [-] SKIPPED (write_prohibited)

[247/544] DELETE /AlertLimit2/Device/DeleteDefaultForConsumable
  [-] SKIPPED (write_prohibited)

[248/544] PUT /AlertLimit2/Device/UpdateDefault
  [-] SKIPPED (write_prohibited)

[249/544] POST /AlertLimit2/DisableAlertLimits
  [-] SKIPPED (write_prohibited)

[250/544] POST /ApiClient/Account/Create
  [-] SKIPPED (write_prohibited)

[251/544] DELETE /ApiClient/Account/Delete
  [-] SKIPPED (write_prohibited)

[252/544] PUT /ApiClient/Account/Update
  [-] SKIPPED (write_prohibited)

[253/544] POST /ApiClient/Create
  [-] SKIPPED (write_prohibited)

[254/544] DELETE /ApiClient/Delete
  [-] SKIPPED (write_prohibited)

[255/544] PUT /ApiClient/Update
  [-] SKIPPED (write_prohibited)

[256/544] POST /Billing/GetCustomerInvoice
  [-] SKIPPED (write_prohibited)

[257/544] POST /Billing/GetCustomerInvoicesList
  [-] SKIPPED (write_prohibited)

[258/544] POST /Billing/GetCustomersContracts
  [-] SKIPPED (write_prohibited)

[259/544] POST /Billing/GetCustomersInvoicesList
  [-] SKIPPED (write_prohibited)

[260/544] POST /Billing/GetDealerInvoice
  [-] SKIPPED (write_prohibited)

[261/544] POST /Billing/GetDealerInvoicesList
  [-] SKIPPED (write_prohibited)

[262/544] PATCH /Billing/UpdateCustomerInvoice
  [-] SKIPPED (write_prohibited)

[263/544] POST /Consumable/List
  [-] SKIPPED (write_prohibited)

[264/544] POST /CostCenter/Create
  [-] SKIPPED (write_prohibited)

[265/544] DELETE /CostCenter/Delete
  [-] SKIPPED (write_prohibited)

[266/544] POST /CostCenter/Get
  [-] SKIPPED (write_prohibited)

[267/544] POST /CostCenter/List
  [-] SKIPPED (write_prohibited)

[268/544] POST /CostCenter/Update
  [-] SKIPPED (write_prohibited)

[269/544] POST /Counter/Catalog/Export
  [-] SKIPPED (write_prohibited)

[270/544] POST /Counter/Catalog/List
  [-] SKIPPED (write_prohibited)

[271/544] PUT /Counter/Catalog/Update
  [-] SKIPPED (write_prohibited)

[272/544] DELETE /Counter/Device/Delete
  [-] SKIPPED (write_prohibited)

[273/544] POST /Counter/Device/Update
  [-] SKIPPED (write_prohibited)

[274/544] POST /Counter/Device/UpdateCounterDetailTag
  [-] SKIPPED (write_prohibited)

[275/544] POST /Counter/List
  [-] SKIPPED (write_prohibited)

[276/544] POST /Counter/ListBlended
  [-] SKIPPED (write_prohibited)

[277/544] POST /Counter/ListDetailed
  [-] SKIPPED (write_prohibited)

[278/544] POST /Counter/UploadOfflineDeviceCounters
  [-] SKIPPED (write_prohibited)

[279/544] POST /CustomField/Create
  [-] SKIPPED (write_prohibited)

[280/544] DELETE /CustomField/Delete
  [-] SKIPPED (write_prohibited)

[281/544] PUT /CustomField/Update
  [-] SKIPPED (write_prohibited)

[282/544] PUT /Customer/AdvancedOptions/Update
  [-] SKIPPED (write_prohibited)

[283/544] PUT /Customer/AlertSettings/Update
  [-] SKIPPED (write_prohibited)

[284/544] POST /Customer/CreateCustomer
  [-] SKIPPED (write_prohibited)

[285/544] POST /Customer/DeleteCustomer
  [-] SKIPPED (write_prohibited)

[286/544] PUT /Customer/EpsonSettings/Update
  [-] SKIPPED (write_prohibited)

[287/544] POST /Customer/GetCustomer
  [-] SKIPPED (write_prohibited)

[288/544] POST /Customer/GetCustomerByCode
  [-] SKIPPED (write_prohibited)

[289/544] POST /Customer/GetCustomers
  [-] SKIPPED (write_prohibited)

[290/544] POST /Customer/GetEmailExplorerInstallationToCustomer
  [-] SKIPPED (write_prohibited)

[291/544] POST /Customer/SendEXplorerInvitation
  [-] SKIPPED (write_prohibited)

[292/544] POST /Customer/UpdateCustomer
  [-] SKIPPED (write_prohibited)

[293/544] PUT /Customer/eXplorerSettings/Update
  [-] SKIPPED (write_prohibited)

[294/544] DELETE /CustomerCredentials/Delete
  [-] SKIPPED (write_prohibited)

[295/544] POST /CustomerDashboard/Connectors
  [-] SKIPPED (write_prohibited)

[296/544] POST /CustomerDashboard/Devices
  [-] SKIPPED (write_prohibited)

[297/544] POST /CustomerDashboard/Get
  [-] SKIPPED (write_prohibited)

[298/544] PUT /CustomerNotification/ApplyDealerTemplate
  [-] SKIPPED (write_prohibited)

[299/544] POST /CustomerNotification/Create
  [-] SKIPPED (write_prohibited)

[300/544] DELETE /CustomerNotification/Delete
  [-] SKIPPED (write_prohibited)

[301/544] PUT /CustomerNotification/Update
  [-] SKIPPED (write_prohibited)

[302/544] PUT /Dealer/AccountingSettings/Update
  [-] SKIPPED (write_prohibited)

[303/544] PUT /Dealer/AlertSettings/Update
  [-] SKIPPED (write_prohibited)

[304/544] DELETE /Dealer/CounterBlend/ClearCounter
  [-] SKIPPED (write_prohibited)

[305/544] POST /Dealer/CounterBlend/Create
  [-] SKIPPED (write_prohibited)

[306/544] DELETE /Dealer/CounterBlend/Delete
  [-] SKIPPED (write_prohibited)

[307/544] PUT /Dealer/CounterBlend/Update
  [-] SKIPPED (write_prohibited)

[308/544] POST /Dealer/CounterBlendToStandard/Create
  [-] SKIPPED (write_prohibited)

[309/544] DELETE /Dealer/CounterBlendToStandard/Delete
  [-] SKIPPED (write_prohibited)

[310/544] PUT /Dealer/CounterBlendToStandard/Update
  [-] SKIPPED (write_prohibited)

[311/544] PUT /Dealer/Customizations/Update
  [-] SKIPPED (write_prohibited)

[312/544] PUT /Dealer/DeclineDemoRequest
  [-] SKIPPED (write_prohibited)

[313/544] PUT /Dealer/DistributorSettings/Update
  [-] SKIPPED (write_prohibited)

[314/544] POST /Dealer/Get
  [-] SKIPPED (write_prohibited)

[315/544] POST /Dealer/GetDealer
  [-] SKIPPED (write_prohibited)

[316/544] POST /Dealer/GetDealerByCode
  [-] SKIPPED (write_prohibited)

[317/544] POST /Dealer/GetDealerSupportTicketConfiguration
  [-] SKIPPED (write_prohibited)

[318/544] POST /Dealer/GetDealers
  [-] SKIPPED (write_prohibited)

[319/544] POST /Dealer/GetDealersInfo
  [-] SKIPPED (write_prohibited)

[320/544] POST /Dealer/GetDealersWithoutContract
  [-] SKIPPED (write_prohibited)

[321/544] PUT /Dealer/Onboarding/Update
  [-] SKIPPED (write_prohibited)

[322/544] PUT /Dealer/PostponeDemoExpiration
  [-] SKIPPED (write_prohibited)

[323/544] PUT /Dealer/RemoteOfflineCountersSettings/Update
  [-] SKIPPED (write_prohibited)

[324/544] POST /Dealer/SaveDealerTagsHierarchy
  [-] SKIPPED (write_prohibited)

[325/544] PUT /Dealer/Update
  [-] SKIPPED (write_prohibited)

[326/544] POST /Dealer/UpdateDealerSupportTicketConfiguration
  [-] SKIPPED (write_prohibited)

[327/544] PUT /Dealer/eXplorerSettings/Update
  [-] SKIPPED (write_prohibited)

[328/544] POST /DealerNotification/Create
  [-] SKIPPED (write_prohibited)

[329/544] DELETE /DealerNotification/Delete
  [-] SKIPPED (write_prohibited)

[330/544] PUT /DealerNotification/RemoveMailAddressFromCustomers
  [-] SKIPPED (write_prohibited)

[331/544] PUT /DealerNotification/Template/Update
  [-] SKIPPED (write_prohibited)

[332/544] PUT /DealerNotification/Update
  [-] SKIPPED (write_prohibited)

[333/544] POST /DealerProduct/Create
  [-] SKIPPED (write_prohibited)

[334/544] DELETE /DealerProduct/Delete
  [-] SKIPPED (write_prohibited)

[335/544] PUT /DealerProduct/Edit
  [-] SKIPPED (write_prohibited)

[336/544] POST /DealerSupply/Create
  [-] SKIPPED (write_prohibited)

[337/544] POST /DealerSupply/CreateFromProjectVolumes
  [-] SKIPPED (write_prohibited)

[338/544] POST /DealerSupply/CreateFromStandardSupply
  [-] SKIPPED (write_prohibited)

[339/544] DELETE /DealerSupply/Delete
  [-] SKIPPED (write_prohibited)

[340/544] POST /DealerSupply/ListSuggested
  [-] SKIPPED (write_prohibited)

[341/544] PUT /DealerSupply/Update
  [-] SKIPPED (write_prohibited)

[342/544] POST /DealerSupply/UploadSupplies
  [-] SKIPPED (write_prohibited)

[343/544] POST /DealerSupplyPriceListing/Create
  [-] SKIPPED (write_prohibited)

[344/544] POST /DealerSupplyPriceListing/Customer/Create
  [-] SKIPPED (write_prohibited)

[345/544] DELETE /DealerSupplyPriceListing/Delete
  [-] SKIPPED (write_prohibited)

[346/544] PUT /DealerSupplyPriceListing/Update
  [-] SKIPPED (write_prohibited)

[347/544] PUT /DealerSupplyPriceListing/UpdateByCustomer
  [-] SKIPPED (write_prohibited)

[348/544] POST /DealerSupplySet/CreateFromProjectVolumes
  [-] SKIPPED (write_prohibited)

[349/544] POST /DealerSupplySet/CreateFromStandardModels
  [-] SKIPPED (write_prohibited)

[350/544] DELETE /DealerSupplySet/Delete
  [-] SKIPPED (write_prohibited)

[351/544] POST /DealerSupplySet/Import
  [-] SKIPPED (write_prohibited)

[352/544] PUT /DealerSupplySet/SaveSupplySet
  [-] SKIPPED (write_prohibited)

[353/544] POST /DealerSupplySet/UploadSupplySet
  [-] SKIPPED (write_prohibited)

[354/544] PUT /Device/AssignOfficeToDevicesByDeviceId
  [-] SKIPPED (write_prohibited)

[355/544] PUT /Device/AssignOfficeToDevicesBySerialNumber
  [-] SKIPPED (write_prohibited)

[356/544] DELETE /Device/Delete
  [-] SKIPPED (write_prohibited)

[357/544] PUT /Device/Deleted/Restore
  [-] SKIPPED (write_prohibited)

[358/544] POST /Device/Get
  [-] SKIPPED (write_prohibited)

[359/544] POST /Device/GetDetailedInformations
  [-] SKIPPED (write_prohibited)

[360/544] POST /Device/List
  [-] SKIPPED (write_prohibited)

[361/544] POST /Device/ListAttributesDataHistory
  [-] SKIPPED (write_prohibited)

[362/544] POST /Device/ListErrorsMessagesDataHistory
  [-] SKIPPED (write_prohibited)

[363/544] POST /Device/ListLevelsDataHistory
  [-] SKIPPED (write_prohibited)

[364/544] POST /Device/ListMaintenanceKitMessagesDataHistory
  [-] SKIPPED (write_prohibited)

[365/544] POST /Device/ListMeterReads
  [-] SKIPPED (write_prohibited)

[366/544] POST /Device/ListMetersDataHistory
  [-] SKIPPED (write_prohibited)

[367/544] POST /Device/ListSuppliesDataHistory
  [-] SKIPPED (write_prohibited)

[368/544] POST /Device/Offline/Create
  [-] SKIPPED (write_prohibited)

[369/544] POST /Device/Offline/Get
  [-] SKIPPED (write_prohibited)

[370/544] POST /Device/Offline/List
  [-] SKIPPED (write_prohibited)

[371/544] POST /Device/ResetWorkflowMode
  [-] SKIPPED (write_prohibited)

[372/544] POST /Device/SharpFSS/Create
  [-] SKIPPED (write_prohibited)

[373/544] POST /Device/Update
  [-] SKIPPED (write_prohibited)

[374/544] POST /Device/UpdateDeviceSerialNumber
  [-] SKIPPED (write_prohibited)

[375/544] PUT /Device/UpdateDevicesBySerialNumbers
  [-] SKIPPED (write_prohibited)

[376/544] POST /Device/UpdateSupplySetAssociation
  [-] SKIPPED (write_prohibited)

[377/544] PUT /Explorer/AbortRequestSendLogs
  [-] SKIPPED (write_prohibited)

[378/544] PUT /Explorer/AbortUpdateAgent
  [-] SKIPPED (write_prohibited)

[379/544] PUT /Explorer/AbortUpdateDca4Client
  [-] SKIPPED (write_prohibited)

[380/544] PUT /Explorer/AbortUpdateDca4Monitor
  [-] SKIPPED (write_prohibited)

[381/544] PUT /Explorer/AbortUpdateService
  [-] SKIPPED (write_prohibited)

[382/544] PUT /Explorer/AutomaticUpdate
  [-] SKIPPED (write_prohibited)

[383/544] POST /Explorer/ClearOidRegistry
  [-] SKIPPED (write_prohibited)

[384/544] POST /Explorer/Cluster/AddSlaveToCluster
  [-] SKIPPED (write_prohibited)

[385/544] POST /Explorer/Cluster/Create
  [-] SKIPPED (write_prohibited)

[386/544] POST /Explorer/Cluster/Delete
  [-] SKIPPED (write_prohibited)

[387/544] PUT /Explorer/Configuration/Copy
  [-] SKIPPED (write_prohibited)

[388/544] POST /Explorer/Configuration/Create
  [-] SKIPPED (write_prohibited)

[389/544] POST /Explorer/Configuration/CreateFromTicket
  [-] SKIPPED (write_prohibited)

[390/544] DELETE /Explorer/Configuration/Delete
  [-] SKIPPED (write_prohibited)

[391/544] PUT /Explorer/Configuration/ScanImmediate
  [-] SKIPPED (write_prohibited)

[392/544] PUT /Explorer/Configuration/Update
  [-] SKIPPED (write_prohibited)

[393/544] POST /Explorer/DeleteExplorerData
  [-] SKIPPED (write_prohibited)

[394/544] POST /Explorer/DeleteExplorerDataExplorerData
  [-] SKIPPED (write_prohibited)

[395/544] POST /Explorer/Hostname/Create
  [-] SKIPPED (write_prohibited)

[396/544] DELETE /Explorer/Hostname/Delete
  [-] SKIPPED (write_prohibited)

[397/544] PUT /Explorer/Hostname/Update
  [-] SKIPPED (write_prohibited)

[398/544] POST /Explorer/ImmediateScanDca4
  [-] SKIPPED (write_prohibited)

[399/544] PUT /Explorer/Intervals/Update
  [-] SKIPPED (write_prohibited)

[400/544] POST /Explorer/License/Generate
  [-] SKIPPED (write_prohibited)

[401/544] POST /Explorer/Schedule/Create
  [-] SKIPPED (write_prohibited)

[402/544] DELETE /Explorer/Schedule/Delete
  [-] SKIPPED (write_prohibited)

[403/544] POST /Explorer/Schedule/Update
  [-] SKIPPED (write_prohibited)

[404/544] POST /Explorer/SendGetOrWalk
  [-] SKIPPED (write_prohibited)

[405/544] POST /Explorer/SendGetOrWalkByPrinter
  [-] SKIPPED (write_prohibited)

[406/544] POST /Explorer/SendHpLfpXml
  [-] SKIPPED (write_prohibited)

[407/544] POST /Explorer/SendHpLfpXmlByPrinter
  [-] SKIPPED (write_prohibited)

[408/544] POST /Explorer/SendPing
  [-] SKIPPED (write_prohibited)

[409/544] PUT /Explorer/SetDcaLogLevel
  [-] SKIPPED (write_prohibited)

[410/544] PUT /Explorer/SetPollingService
  [-] SKIPPED (write_prohibited)

[411/544] POST /Explorer/Staging/Activate
  [-] SKIPPED (write_prohibited)

[412/544] DELETE /Explorer/Staging/Delete
  [-] SKIPPED (write_prohibited)

[413/544] POST /Explorer/Subnet/Create
  [-] SKIPPED (write_prohibited)

[414/544] DELETE /Explorer/Subnet/Delete
  [-] SKIPPED (write_prohibited)

[415/544] PUT /Explorer/Subnet/Update
  [-] SKIPPED (write_prohibited)

[416/544] PUT /Explorer/UpdateAgent
  [-] SKIPPED (write_prohibited)

[417/544] PUT /Explorer/UpdateDca4Client
  [-] SKIPPED (write_prohibited)

[418/544] PUT /Explorer/UpdateDca4Monitor
  [-] SKIPPED (write_prohibited)

[419/544] PUT /Explorer/UpdateService
  [-] SKIPPED (write_prohibited)

[420/544] POST /Explorer/WorkingDays/Update
  [-] SKIPPED (write_prohibited)

[421/544] POST /Integrations/Create
  [-] SKIPPED (write_prohibited)

[422/544] DELETE /Integrations/Delete
  [-] SKIPPED (write_prohibited)

[423/544] POST /Integrations/ToServ/Create
  [-] SKIPPED (write_prohibited)

[424/544] PUT /Integrations/Update
  [-] SKIPPED (write_prohibited)

[425/544] POST /Integrations/VantageOnline/Create
  [-] SKIPPED (write_prohibited)

[426/544] POST /Office/Create
  [-] SKIPPED (write_prohibited)

[427/544] DELETE /Office/Delete
  [-] SKIPPED (write_prohibited)

[428/544] POST /Office/Get
  [-] SKIPPED (write_prohibited)

[429/544] POST /Office/List
  [-] SKIPPED (write_prohibited)

[430/544] POST /Office/OfficeFloor/Create
  [-] SKIPPED (write_prohibited)

[431/544] DELETE /Office/OfficeFloor/Delete
  [-] SKIPPED (write_prohibited)

[432/544] DELETE /Office/OfficeFloor/DeletePin
  [-] SKIPPED (write_prohibited)

[433/544] POST /Office/OfficeFloor/SavePin
  [-] SKIPPED (write_prohibited)

[434/544] PUT /Office/OfficeFloor/Update
  [-] SKIPPED (write_prohibited)

[435/544] POST /Office/Subnet/Create
  [-] SKIPPED (write_prohibited)

[436/544] DELETE /Office/Subnet/Delete
  [-] SKIPPED (write_prohibited)

[437/544] POST /Office/Update
  [-] SKIPPED (write_prohibited)

[438/544] POST /Office/UploadOffices
  [-] SKIPPED (write_prohibited)

[439/544] POST /PanelMessageAlert/Create
  [-] SKIPPED (write_prohibited)

[440/544] DELETE /PanelMessageAlert/Delete
  [-] SKIPPED (write_prohibited)

[441/544] POST /PanelMessageAlert/GetErrorCodes
  [-] SKIPPED (write_prohibited)

[442/544] POST /PanelMessageAlert/List
  [-] SKIPPED (write_prohibited)

[443/544] PUT /PanelMessageAlert/Update
  [-] SKIPPED (write_prohibited)

[444/544] POST /Product/GetProduct
  [-] SKIPPED (write_prohibited)

[445/544] POST /Product/GetProducts
  [-] SKIPPED (write_prohibited)

[446/544] POST /Project/Create
  [-] SKIPPED (write_prohibited)

[447/544] DELETE /Project/Delete
  [-] SKIPPED (write_prohibited)

[448/544] POST /Project/Get
  [-] SKIPPED (write_prohibited)

[449/544] POST /Project/List
  [-] SKIPPED (write_prohibited)

[450/544] PUT /Project/ManageDevicesAssociation
  [-] SKIPPED (write_prohibited)

[451/544] PUT /Project/SetRelatedDevicesAlertGenerator
  [-] SKIPPED (write_prohibited)

[452/544] PUT /Project/Update
  [-] SKIPPED (write_prohibited)

[453/544] POST /Role/Copy
  [-] SKIPPED (write_prohibited)

[454/544] POST /Role/Create
  [-] SKIPPED (write_prohibited)

[455/544] DELETE /Role/Delete
  [-] SKIPPED (write_prohibited)

[456/544] PUT /Role/Update
  [-] SKIPPED (write_prohibited)

[457/544] POST /Saga/GetSagaOperationLogFile
  [-] SKIPPED (write_prohibited)

[458/544] POST /Saga/GetSagaOperationLogList
  [-] SKIPPED (write_prohibited)

[459/544] POST /Saga/GetSagaOperationsList
  [-] SKIPPED (write_prohibited)

[460/544] POST /Saga/List
  [-] SKIPPED (write_prohibited)

[461/544] POST /SdsAction/ChangeDeviceActionStatus
  [-] SKIPPED (write_prohibited)

[462/544] DELETE /SdsAction/DeleteDeviceAction
  [-] SKIPPED (write_prohibited)

[463/544] POST /SdsConnector/Associate
  [-] SKIPPED (write_prohibited)

[464/544] DELETE /SdsConnector/DeleteLog
  [-] SKIPPED (write_prohibited)

[465/544] POST /SdsConnector/Download
  [-] SKIPPED (write_prohibited)

[466/544] POST /SdsConnector/Install
  [-] SKIPPED (write_prohibited)

[467/544] POST /SdsConnector/Register
  [-] SKIPPED (write_prohibited)

[468/544] POST /SdsConnector/RetrieveLog
  [-] SKIPPED (write_prohibited)

[469/544] POST /SdsConnector/Unregister
  [-] SKIPPED (write_prohibited)

[470/544] POST /SdsCustomer/Activate
  [-] SKIPPED (write_prohibited)

[471/544] POST /SdsCustomer/CreateAssessTemplate
  [-] SKIPPED (write_prohibited)

[472/544] POST /SdsCustomer/Deactivate
  [-] SKIPPED (write_prohibited)

[473/544] DELETE /SdsCustomer/DeleteAssessTemplate
  [-] SKIPPED (write_prohibited)

[474/544] DELETE /SdsCustomer/DeleteCredential
  [-] SKIPPED (write_prohibited)

[475/544] PUT /SdsCustomer/RunOperation
  [-] SKIPPED (write_prohibited)

[476/544] POST /SdsCustomer/SetCredential
  [-] SKIPPED (write_prohibited)

[477/544] PATCH /SdsCustomer/Update
  [-] SKIPPED (write_prohibited)

[478/544] PUT /SdsCustomer/UpdateAssessTemplate
  [-] SKIPPED (write_prohibited)

[479/544] POST /SdsCustomer/UploadVJamcDevices
  [-] SKIPPED (write_prohibited)

[480/544] POST /SdsDevice/AbortDeviceReboot
  [-] SKIPPED (write_prohibited)

[481/544] POST /SdsDevice/AbortDeviceUpdateFirmware
  [-] SKIPPED (write_prohibited)

[482/544] POST /SdsDevice/AssessAndRemediate
  [-] SKIPPED (write_prohibited)

[483/544] PUT /SdsDevice/CheckDeviceOperation
  [-] SKIPPED (write_prohibited)

[484/544] PUT /SdsDevice/CopyPolicy
  [-] SKIPPED (write_prohibited)

[485/544] DELETE /SdsDevice/DeleteDeviceCredential
  [-] SKIPPED (write_prohibited)

[486/544] POST /SdsDevice/GetDevicesWithFirmwareOutOfDate
  [-] SKIPPED (write_prohibited)

[487/544] PUT /SdsDevice/HideEarlyReplacement
  [-] SKIPPED (write_prohibited)

[488/544] POST /SdsDevice/ListSdsAssessAndRemediate
  [-] SKIPPED (write_prohibited)

[489/544] POST /SdsDevice/ListSdsCredentials
  [-] SKIPPED (write_prohibited)

[490/544] POST /SdsDevice/ListSdsMessageSuppression
  [-] SKIPPED (write_prohibited)

[491/544] POST /SdsDevice/ListSdsRapa
  [-] SKIPPED (write_prohibited)

[492/544] POST /SdsDevice/ListSdsReboot
  [-] SKIPPED (write_prohibited)

[493/544] POST /SdsDevice/PerformPrintQualityDiagnostics
  [-] SKIPPED (write_prohibited)

[494/544] DELETE /SdsDevice/RemoveFromCloudDCA
  [-] SKIPPED (write_prohibited)

[495/544] DELETE /SdsDevice/RemoveFromSDS
  [-] SKIPPED (write_prohibited)

[496/544] POST /SdsDevice/RetrieveDeviceData
  [-] SKIPPED (write_prohibited)

[497/544] POST /SdsDevice/SendPanelMessage
  [-] SKIPPED (write_prohibited)

[498/544] POST /SdsDevice/SetDeviceConfigData
  [-] SKIPPED (write_prohibited)

[499/544] POST /SdsDevice/SetDeviceCredential
  [-] SKIPPED (write_prohibited)

[500/544] POST /SdsDevice/SetDeviceUpdateFirmware
  [-] SKIPPED (write_prohibited)

[501/544] POST /SdsDevice/SetDevicesReboot
  [-] SKIPPED (write_prohibited)

[502/544] POST /SdsDevice/SetOnDeviceServices
  [-] SKIPPED (write_prohibited)

[503/544] POST /SdsDevice/UpdateConfigItems
  [-] SKIPPED (write_prohibited)

[504/544] PUT /SdsDevice/UpdateDevicesFirmware
  [-] SKIPPED (write_prohibited)

[505/544] POST /SdsScan/ScanConnectors
  [-] SKIPPED (write_prohibited)

[506/544] POST /SdsScan/ScanCustomer
  [-] SKIPPED (write_prohibited)

[507/544] POST /SdsScan/ScanDevices
  [-] SKIPPED (write_prohibited)

[508/544] POST /ShippedSupply/CreateInAdvance
  [-] SKIPPED (write_prohibited)

[509/544] POST /ShippedSupply/CreateOnAlert
  [-] SKIPPED (write_prohibited)

[510/544] POST /ShippedSupply/CreateStock
  [-] SKIPPED (write_prohibited)

[511/544] POST /ShippedSupply/Get
  [-] SKIPPED (write_prohibited)

[512/544] POST /ShippedSupply/List
  [-] SKIPPED (write_prohibited)

[513/544] POST /ShippedSupply/Log
  [-] SKIPPED (write_prohibited)

[514/544] POST /ShippedSupply/MassiveUpdate
  [-] SKIPPED (write_prohibited)

[515/544] POST /ShippedSupply/Update
  [-] SKIPPED (write_prohibited)

[516/544] POST /StandardProduct/CreateOrUpdateOperation
  [-] SKIPPED (write_prohibited)

[517/544] POST /StandardProduct/ProcessOperation
  [-] SKIPPED (write_prohibited)

[518/544] POST /StandardProduct/RollbackOperation
  [-] SKIPPED (write_prohibited)

[519/544] POST /SupplyAlert/Get
  [-] SKIPPED (write_prohibited)

[520/544] POST /SupplyAlert/List
  [-] SKIPPED (write_prohibited)

[521/544] POST /SupplyAlert/ListByOffice
  [-] SKIPPED (write_prohibited)

[522/544] POST /SupplyAlert/MassiveUpdate
  [-] SKIPPED (write_prohibited)

[523/544] PUT /SupplyAlert/PostponeAlert
  [-] SKIPPED (write_prohibited)

[524/544] POST /SupplyAlert/Update
  [-] SKIPPED (write_prohibited)

[525/544] POST /Ticket/CreateTicket
  [-] SKIPPED (write_prohibited)

[526/544] POST /Ticket/CreateTicketChild
  [-] SKIPPED (write_prohibited)

[527/544] POST /Ticket/GetSubTypesByCategories
  [-] SKIPPED (write_prohibited)

[528/544] POST /TraceVolume/CloseEvent
  [-] SKIPPED (write_prohibited)

[529/544] POST /TraceVolume/Create
  [-] SKIPPED (write_prohibited)

[530/544] POST /TraceVolume/CreateManualEvent
  [-] SKIPPED (write_prohibited)

[531/544] DELETE /TraceVolume/Delete
  [-] SKIPPED (write_prohibited)

[532/544] PUT /TraceVolume/ResetEvents
  [-] SKIPPED (write_prohibited)

[533/544] PUT /TraceVolume/Update
  [-] SKIPPED (write_prohibited)

[534/544] PUT /TradingPartner/Update
  [-] SKIPPED (write_prohibited)

[535/544] PUT /WhiteLabel/Update
  [-] SKIPPED (write_prohibited)

[536/544] PUT /WhiteLabel/UpdateDcaLicenses
  [-] SKIPPED (write_prohibited)

[537/544] PUT /WhiteLabel/UpdateTemplates
  [-] SKIPPED (write_prohibited)

[538/544] POST /ZebraDevice/SetDevicesReboot
  [-] SKIPPED (write_prohibited)

[539/544] POST /ZebraDevice/SetDevicesUpdateFirmware
  [-] SKIPPED (write_prohibited)

[540/544] POST /ZebraDevice/SetZebraSettings
  [-] SKIPPED (write_prohibited)

[541/544] POST /azuread/CreateAzureDomain
  [-] SKIPPED (write_prohibited)

[542/544] PUT /azuread/UpdateAzureDomain
  [-] SKIPPED (write_prohibited)

[543/544] POST /okta/CreateOktaDomain
  [-] SKIPPED (write_prohibited)

[544/544] PUT /okta/UpdateOktaDomain
  [-] SKIPPED (write_prohibited)

============================================================
SUMMARY
============================================================
Total endpoints:    544
Discovered:         188 (34%)
Skipped:            335 (61%)
Failed:             21 (3%)

Domain seeds discovered:
  Dealers:    0
  Customers:  0
  Locations:  0
Building reference files...
[OK] Saved endpoint reference to C:\Users\jez.slade\Desktop\Projects\MPSM-Dashboard\output\endpoint_reference.yaml
[OK] Saved cURL recipes to C:\Users\jez.slade\Desktop\Projects\MPSM-Dashboard\output\curl_recipes.md
Traceback (most recent call last):
  File "C:\Users\jez.slade\Desktop\Projects\MPSM-Dashboard\scripts\build_reference.py", line 388, in <module>
    main()
    ~~~~^^
  File "C:\Users\jez.slade\Desktop\Projects\MPSM-Dashboard\scripts\build_reference.py", line 374, in main
    save_samples(reference, output_dir)
    ~~~~~~~~~~~~^^^^^^^^^^^^^^^^^^^^^^^
  File "C:\Users\jez.slade\Desktop\Projects\MPSM-Dashboard\scripts\build_reference.py", line 249, in save_samples
    with open(request_file, 'w', encoding='utf-8') as f:
         ~~~~^^^^^^^^^^^^^^^^^^^^^^^^^^^^^^^^^^^^^
FileNotFoundError: [Errno 2] No such file or directory: 'C:\\Users\\jez.slade\\Desktop\\Projects\\MPSM-Dashboard\\output\\samples\\AlertLimit\\Customer\\Get_request.json'
API Discovery and Payload Calibration
============================================================

============================================================
Running: C:\Users\jez.slade\AppData\Local\Programs\Python\Python313\python.exe C:\Users\jez.slade\Desktop\Projects\MPSM-Dashboard\scripts\discover_endpoints.py
============================================================

============================================================
Running: C:\Users\jez.slade\AppData\Local\Programs\Python\Python313\python.exe C:\Users\jez.slade\Desktop\Projects\MPSM-Dashboard\scripts\probe_endpoint.py --max-attempts 12
============================================================

============================================================
Running: C:\Users\jez.slade\AppData\Local\Programs\Python\Python313\python.exe C:\Users\jez.slade\Desktop\Projects\MPSM-Dashboard\scripts\build_reference.py
============================================================

[X] Reference building failed!
